Microchip MPLAB XC8 Compiler V2.46

Linker command line:

-W-3 \
  --edf=C:\Program Files\Microchip\xc8\v2.46\pic\dat\20240104201356_en.msgs \
  -cn -h+dist/default/production\FR752_V01.X.production.sym \
  --cmf=dist/default/production\FR752_V01.X.production.cmf -z -Q16F1936 \
  -oC:\Users\t00904\AppData\Local\Temp\xcBsfhk.1\driver_tmp_3.o \
  --defsym=__MPLAB_BUILD=1 --fixupoverflow=error \
  -Mdist/default/production/FR752_V01.X.production.map \
  --md=C:\Users\t00904\AppData\Local\Temp\xcBsfhk.1\driver_tmp_0.dat -E1 \
  -ver=XC8 Compiler --acfsm=1493 -ACODE=00h-07FFhx4 -ASTRCODE=00h-01FFFh \
  -ASTRING=00h-0FFhx32 -ACONST=00h-0FFhx32 -AENTRY=00h-0FFhx32 \
  -ACOMMON=070h-07Fh -ABANK0=020h-06Fh -ABANK1=0A0h-0EFh \
  -ABANK2=0120h-016Fh -ABANK3=01A0h-01EFh -ABANK4=0220h-026Fh \
  -ABANK5=02A0h-02EFh -ABANK6=0320h-032Fh -ABIGRAM=02000h-021EFh \
  -ARAM=020h-06Fh,0A0h-0EFh,0120h-016Fh,01A0h-01EFh,0220h-026Fh,02A0h-02EFh,0320h-032Fh \
  -AABS1=020h-07Fh,0A0h-0EFh,0120h-016Fh,01A0h-01EFh,0220h-026Fh,02A0h-02EFh,0320h-032Fh \
  -ASFR0=00h-01Fh -ASFR1=080h-09Fh -ASFR2=0100h-011Fh -ASFR3=0180h-019Fh \
  -ASFR4=0200h-021Fh -ASFR5=0280h-029Fh -ASFR6=0300h-031Fh \
  -ASFR7=0380h-03EFh -ASFR8=0400h-046Fh -ASFR9=0480h-04EFh \
  -ASFR10=0500h-056Fh -ASFR11=0580h-05EFh -ASFR12=0600h-066Fh \
  -ASFR13=0680h-06EFh -ASFR14=0700h-076Fh -ASFR15=0780h-07EFh \
  -ASFR16=0800h-086Fh -ASFR17=0880h-08EFh -ASFR18=0900h-096Fh \
  -ASFR19=0980h-09EFh -ASFR20=0A00h-0A6Fh -ASFR21=0A80h-0AEFh \
  -ASFR22=0B00h-0B6Fh -ASFR23=0B80h-0BEFh -ASFR24=0C00h-0C6Fh \
  -ASFR25=0C80h-0CEFh -ASFR26=0D00h-0D6Fh -ASFR27=0D80h-0DEFh \
  -ASFR28=0E00h-0E6Fh -ASFR29=0E80h-0EEFh -ASFR30=0F00h-0F6Fh \
  -ASFR31=0F80h-0FEFh -ACONFIG=08007h-08008h -DCONFIG=2 \
  -AIDLOC=08000h-08003h -DIDLOC=2 -AEEDATA=00h-0FFh/0F000h \
  -peeprom_data=EEDATA -DEEDATA=2 -DCODE=2 -DSTRCODE=2 -DSTRING=2 -DCONST=2 \
  -DENTRY=2 -preset_vec=00h,intentry=04h,sivt,init,end_init -ppowerup=CODE \
  -pcinit=CODE -pfunctab=ENTRY -k \
  C:\Users\t00904\AppData\Local\Temp\xcBsfhk.1\driver_tmp_15.o \
  dist/default/production\FR752_V01.X.production.o 

Object code version is 3.11

Machine type is 16F1936



                Name                               Link     Load   Length Selector   Space Scale
C:\Users\t00904\AppData\Local\Temp\xcBsfhk.1\driver_tmp_15.o
                end_init                             38       38        2        8       0
                reset_vec                             0        0        2        0       0
                config                             8007     8007        2        0       4
dist/default/production\FR752_V01.X.production.o
                cinit                                3A       3A       1A        8       0
                intentry                              4        4       34        8       0
                config                             8007     8007        2        0       4
                text54                              514      514       18        8       0
                text53                              658      658        4      CA0       0
                text52                              667      667        1      CA0       0
                text51                              654      654        4      CA0       0
                text50                              36A      36A       39        8       0
                text49                              46E      46E       22        8       0
                text48                              666      666        1      CA0       0
                text47                              590      590        E        8       0
                text46                              580      580       10        8       0
                text44                              5DE      5DE        9        8       0
                text43                              3FE      3FE       26        8       0
                text42                              662      662        3      CA0       0
                text41                              56D      56D       13        8       0
                text40                              172      172       86        8       0
                text39                              263      263       6A        8       0
                text38                              4E1      4E1       1A        8       0
                text37                              647      647        5        8       0
                text36                              642      642        5        8       0
                text35                              3D6      3D6       28        8       0
                text34                              3A3      3A3       33        8       0
                text33                              449      449       25        8       0
                text32                              424      424       25        8       0
                text31                              1F8      1F8       6B        8       0
                text30                              63D      63D        5        8       0
                text29                              5C5      5C5        D        8       0
                text28                              638      638        5        8       0
                text27                              52C      52C       17        8       0
                text26                              5FF      5FF        8        8       0
                text25                              65F      65F        3      CA0       0
                text24                              65C      65C        3      CA0       0
                text23                              4C7      4C7       1A        8       0
                text22                              490      490       1C        8       0
                text21                              607      607        7        8       0
                text20                              5F7      5F7        8        8       0
                text19                              2CD      2CD       5F        8       0
                text18                               54       54      11E        8       0
                text17                              5B8      5B8        D        8       0
                text16                              632      632        6        8       0
                text15                              62C      62C        6        8       0
                text14                              626      626        6        8       0
                text13                              620      620        6        8       0
                text12                              61A      61A        6        8       0
                text11                              32C      32C       3E        8       0
                text10                              614      614        6        8       0
                text9                               5EF      5EF        8        8       0
                text8                               543      543       16        8       0
                text7                               5AB      5AB        D        8       0
                text6                               5D2      5D2        C        8       0
                text5                               4AC      4AC       1B        8       0
                text4                               559      559       14        8       0
                text3                               5E7      5E7        8        8       0
                text2                               650      650        4      CA0       0
                text1                               4FB      4FB       19        8       0
                maintext                            59E      59E        D        8       0
                cstackBANK0                          63       63        B       20       1
                cstackCOMMON                         70       70        B       70       1
                cstackBANK1                          A8       A8        2       A0       1
                clrtext                             60E      60E        6        8       0
                bssBANK1                             A0       A0        8       A0       1
                dataBANK0                            6E       6E        1       20       1
                bssBANK0                             20       20       43       20       1
                bssCOMMON                            7B       7B        2       70       1
                stringtext1                         64C      64C        4      C98       0
                idataBANK0                          665      665        1      CA0       0

TOTAL           Name                               Link     Load   Length     Space
        CLASS   CODE           
                end_init                             38       38        2         0
                cinit                                3A       3A       1A         0
                intentry                              4        4       34         0
                reset_vec                             0        0        2         0
                text54                              514      514       18         0
                text53                              658      658        4         0
                text52                              667      667        1         0
                text51                              654      654        4         0
                text50                              36A      36A       39         0
                text49                              46E      46E       22         0
                text48                              666      666        1         0
                text47                              590      590        E         0
                text46                              580      580       10         0
                text44                              5DE      5DE        9         0
                text43                              3FE      3FE       26         0
                text42                              662      662        3         0
                text41                              56D      56D       13         0
                text40                              172      172       86         0
                text39                              263      263       6A         0
                text38                              4E1      4E1       1A         0
                text37                              647      647        5         0
                text36                              642      642        5         0
                text35                              3D6      3D6       28         0
                text34                              3A3      3A3       33         0
                text33                              449      449       25         0
                text32                              424      424       25         0
                text31                              1F8      1F8       6B         0
                text30                              63D      63D        5         0
                text29                              5C5      5C5        D         0
                text28                              638      638        5         0
                text27                              52C      52C       17         0
                text26                              5FF      5FF        8         0
                text25                              65F      65F        3         0
                text24                              65C      65C        3         0
                text23                              4C7      4C7       1A         0
                text22                              490      490       1C         0
                text21                              607      607        7         0
                text20                              5F7      5F7        8         0
                text19                              2CD      2CD       5F         0
                text18                               54       54      11E         0
                text17                              5B8      5B8        D         0
                text16                              632      632        6         0
                text15                              62C      62C        6         0
                text14                              626      626        6         0
                text13                              620      620        6         0
                text12                              61A      61A        6         0
                text11                              32C      32C       3E         0
                text10                              614      614        6         0
                text9                               5EF      5EF        8         0
                text8                               543      543       16         0
                text7                               5AB      5AB        D         0
                text6                               5D2      5D2        C         0
                text5                               4AC      4AC       1B         0
                text4                               559      559       14         0
                text3                               5E7      5E7        8         0
                text2                               650      650        4         0
                text1                               4FB      4FB       19         0
                maintext                            59E      59E        D         0
                clrtext                             60E      60E        6         0
                idataBANK0                          665      665        1         0

        CLASS   STRCODE        
                stringtext1                         64C      64C        4         0

        CLASS   STRING         

        CLASS   CONST          

        CLASS   ENTRY          

        CLASS   COMMON         
                cstackCOMMON                         70       70        B         1
                bssCOMMON                            7B       7B        2         1

        CLASS   BANK0          
                cstackBANK0                          63       63        B         1
                dataBANK0                            6E       6E        1         1
                bssBANK0                             20       20       43         1

        CLASS   BANK1          
                cstackBANK1                          A8       A8        2         1
                bssBANK1                             A0       A0        8         1

        CLASS   BANK2          

        CLASS   BANK3          

        CLASS   BANK4          

        CLASS   BANK5          

        CLASS   BANK6          

        CLASS   BIGRAM         

        CLASS   RAM            

        CLASS   ABS1           
                abs_s1                               7E       7E        2         1

        CLASS   SFR0           

        CLASS   SFR1           

        CLASS   SFR2           

        CLASS   SFR3           

        CLASS   SFR4           

        CLASS   SFR5           

        CLASS   SFR6           

        CLASS   SFR7           

        CLASS   SFR8           

        CLASS   SFR9           

        CLASS   SFR10          

        CLASS   SFR11          

        CLASS   SFR12          

        CLASS   SFR13          

        CLASS   SFR14          

        CLASS   SFR15          

        CLASS   SFR16          

        CLASS   SFR17          

        CLASS   SFR18          

        CLASS   SFR19          

        CLASS   SFR20          

        CLASS   SFR21          

        CLASS   SFR22          

        CLASS   SFR23          

        CLASS   SFR24          

        CLASS   SFR25          

        CLASS   SFR26          

        CLASS   SFR27          

        CLASS   SFR28          

        CLASS   SFR29          

        CLASS   SFR30          

        CLASS   SFR31          

        CLASS   CONFIG         
                config                             8007     8007        2         4

        CLASS   IDLOC          

        CLASS   EEDATA         

        CLASS   BANK31         

        CLASS   BANK30         

        CLASS   BANK29         

        CLASS   BANK28         

        CLASS   BANK27         

        CLASS   BANK26         

        CLASS   BANK25         

        CLASS   BANK24         

        CLASS   BANK23         

        CLASS   BANK22         

        CLASS   BANK21         

        CLASS   BANK20         

        CLASS   BANK19         

        CLASS   BANK18         

        CLASS   BANK17         

        CLASS   BANK16         

        CLASS   BANK15         

        CLASS   BANK14         

        CLASS   BANK13         

        CLASS   BANK12         

        CLASS   BANK11         

        CLASS   BANK10         

        CLASS   BANK9          

        CLASS   BANK8          

        CLASS   BANK7          

        CLASS   HEAP           

        CLASS   STACK          



SEGMENTS        Name                           Load    Length   Top    Selector   Space  Class     Delta

                reset_vec                      000000  000002  000002         0       0  CODE        2
                intentry                       000004  000648  00064C         8       0  CODE        2
                bssBANK0                       000020  00004F  00006F        20       1  BANK0       1
                cstackCOMMON                   000070  00000D  00007D        70       1  COMMON      1
                bssBANK1                       0000A0  00000A  0000AA        A0       1  BANK1       1
                stringtext1                    00064C  000004  000650       C98       0  STRCODE     2
                text2                          000650  000018  000668       CA0       0  CODE        2


UNUSED ADDRESS RANGES

        Name                Unused          Largest block    Delta
        BANK0            0006F-0006F               1           1
        BANK1            000AA-000EF              46           1
        BANK2            00120-0016F              50           1
        BANK3            001A0-001EF              50           1
        BANK4            00220-0026F              50           1
        BANK5            002A0-002EF              50           1
        BANK6            00320-0032F              10           1
        BIGRAM           02000-021EF             1F0           1
        CODE             00002-00003               2           2
                         00668-01FFF             800
        COMMON           0007D-0007D               1           1
        CONST            00002-00003               2           2
                         00668-01FFF             100
        EEDATA           0F000-0F0FF             100           2
        ENTRY            00002-00003               2           2
                         00668-01FFF             100
        IDLOC            08000-08003               4           2
        RAM              0006F-0006F               1           1
                         000AA-000EF              46
                         00120-0016F              50
                         001A0-001EF              50
                         00220-0026F              50
                         002A0-002EF              50
                         00320-0032F              10
        SFR0             00000-0001F              20           1
        SFR1             00080-0009F              20           1
        SFR10            00500-0056F              70           1
        SFR11            00580-005EF              70           1
        SFR12            00600-0066F              70           1
        SFR13            00680-006EF              70           1
        SFR14            00700-0076F              70           1
        SFR15            00780-007EF              70           1
        SFR16            00800-0086F              70           1
        SFR17            00880-008EF              70           1
        SFR18            00900-0096F              70           1
        SFR19            00980-009EF              70           1
        SFR2             00100-0011F              20           1
        SFR20            00A00-00A6F              70           1
        SFR21            00A80-00AEF              70           1
        SFR22            00B00-00B6F              70           1
        SFR23            00B80-00BEF              70           1
        SFR24            00C00-00C6F              70           1
        SFR25            00C80-00CEF              70           1
        SFR26            00D00-00D6F              70           1
        SFR27            00D80-00DEF              70           1
        SFR28            00E00-00E6F              70           1
        SFR29            00E80-00EEF              70           1
        SFR3             00180-0019F              20           1
        SFR30            00F00-00F6F              70           1
        SFR31            00F80-00FEF              70           1
        SFR4             00200-0021F              20           1
        SFR5             00280-0029F              20           1
        SFR6             00300-0031F              20           1
        SFR7             00380-003EF              70           1
        SFR8             00400-0046F              70           1
        SFR9             00480-004EF              70           1
        STRCODE          00002-00003               2           2
                         00668-01FFF            1998
        STRING           00002-00003               2           2
                         00668-01FFF             100

                                  Symbol Table

EPWM1_LoadDutyValue@dutyValue                  cstackCOMMON 00071
EUSART_Read@readValue                          cstackCOMMON 00072
EUSART_SetErrorHandler@interruptHandler        cstackCOMMON 00071
EUSART_SetFramingErrorHandler@interruptHandler cstackCOMMON 00071
EUSART_SetOverrunErrorHandler@interruptHandler cstackCOMMON 00071
EUSART_SetRxInterruptHandler@interruptHandler  cstackCOMMON 00071
EUSART_SetTxInterruptHandler@interruptHandler  cstackCOMMON 00071
EUSART_Write@txData                            cstackCOMMON 00072
LIN_calcParity@CMD                             cstackCOMMON 00072
LIN_calcParity@PID                             cstackCOMMON 00073
LIN_checkPID@pid                               cstackCOMMON 00078
LIN_getChecksum@checksum                       cstackCOMMON 00077
LIN_getChecksum@data                           cstackCOMMON 00072
LIN_getChecksum@i                              cstackCOMMON 00076
LIN_getChecksum@length                         cstackCOMMON 00075
LIN_getChecksum@pid                            cstackCOMMON 00071
LIN_getFromTable@cmd                           cstackCOMMON 00074
LIN_getFromTable@length                        cstackCOMMON 00075
LIN_getFromTable@param                         cstackCOMMON 00071
LIN_getFromTable@rxCommand                     cstackCOMMON 00076
LIN_getPacket@cmd                              cstackCOMMON 00079
LIN_getPacket@data                             cstackCOMMON 0007A
LIN_handler@LIN_rxState                        bssBANK0     0004F
LIN_handler@rxDataIndex                        bssBANK0     0004E
LIN_init@command                               cstackCOMMON 00073
LIN_init@processData                           cstackCOMMON 00075
LIN_init@tableLength                           cstackCOMMON 00077
LIN_queuePacket@cmd                            cstackBANK0  0006A
LIN_queuePacket@i                              cstackBANK0  0006B
LIN_queuePacket@tempSchedule                   cstackBANK0  0006C
LIN_sendPacket@data                            cstackCOMMON 0007A
LIN_sendPacket@i                               cstackBANK0  00065
LIN_sendPacket@length                          cstackBANK0  00064
LIN_sendPacket@pid                             cstackCOMMON 00079
LIN_startTimer@timeout                         cstackCOMMON 00072
TMR0_SetInterruptHandler@InterruptHandler      cstackCOMMON 00071
TMR0_WriteTimer@timerVal                       cstackCOMMON 00071
_ANSELA                                        (abs)        0018C
_ANSELB                                        (abs)        0018D
_APFCON                                        (abs)        0011D
_BAUDCON                                       (abs)        0019F
_BORCON                                        (abs)        00116
_CCP1CON                                       (abs)        00293
_CCPR1H                                        (abs)        00292
_CCPR1L                                        (abs)        00291
_CCPTMRS0bits                                  (abs)        0029E
_CountCallBack                                 bssBANK0     00050
_DRL_ON                                        text26       005FF
_ECCP1AS                                       (abs)        00295
_EPWM1_Initialize                              text17       005B8
_EPWM1_LoadDutyValue                           text27       0052C
_EUSART_DefaultErrorHandler                    text53       00658
_EUSART_DefaultFramingErrorHandler             text52       00667
_EUSART_DefaultOverrunErrorHandler             text51       00654
_EUSART_ErrorHandler                           bssBANK0     00038
_EUSART_FramingErrorHandler                    bssBANK0     0003C
_EUSART_Initialize                             text11       0032C
_EUSART_OverrunErrorHandler                    bssBANK0     0003A
_EUSART_Read                                   text43       003FE
_EUSART_Receive_ISR                            text50       0036A
_EUSART_RxDataHandler                          text54       00514
_EUSART_RxDefaultInterruptHandler              bssBANK0     00040
_EUSART_SetErrorHandler                        text16       00632
_EUSART_SetFramingErrorHandler                 text15       0062C
_EUSART_SetOverrunErrorHandler                 text14       00626
_EUSART_SetRxInterruptHandler                  text13       00620
_EUSART_SetTxInterruptHandler                  text12       0061A
_EUSART_Transmit_ISR                           text49       0046E
_EUSART_TxDefaultInterruptHandler              bssBANK0     00042
_EUSART_Write                                  text35       003D6
_EUSART_get_last_status                        text42       00662
_EUSART_is_rx_ready                            text44       005DE
_HIBEAM_OFF                                    text25       0065F
_HIBEAM_ON                                     text24       0065C
_INTCONbits                                    (abs)        0000B
_INTERRUPT_InterruptManager                    intentry     00004
_LATA                                          (abs)        0010C
_LATAbits                                      (abs)        0010C
_LATB                                          (abs)        0010D
_LATC                                          (abs)        0010E
_LATE                                          (abs)        00110
_LIN_Slave_Initialize                          text7        005AB
_LIN_breakCheck                                text41       0056D
_LIN_calcParity                                text40       00172
_LIN_checkPID                                  text38       004E1
_LIN_disableRx                                 text37       00647
_LIN_enableRx                                  text36       00642
_LIN_getChecksum                               text34       003A3
_LIN_getFromTable                              text39       00263
_LIN_getPacket                                 text22       00490
_LIN_handler                                   text18       00054
_LIN_init                                      text8        00543
_LIN_packet                                    bssBANK0     00056
_LIN_processData                               bssBANK0     00046
_LIN_queuePacket                               text31       001F8
_LIN_rxCommand                                 bssBANK0     00044
_LIN_rxCommandLength                           bssBANK0     00052
_LIN_rxInProgress                              bssBANK0     00053
_LIN_sendPacket                                text33       00449
_LIN_setTimerHandler                           text9        005EF
_LIN_startTimer                                text29       005C5
_LIN_stopTimer                                 text28       00638
_LIN_timeout                                   dataBANK0    0006E
_LIN_timerHandler                              text47       00590
_LIN_timerRunning                              bssBANK0     00051
_OPTION_REG                                    (abs)        00095
_OPTION_REGbits                                (abs)        00095
_OSCCON                                        (abs)        00099
_OSCILLATOR_Initialize                         text6        005D2
_OSCTUNE                                       (abs)        00098
_PIE1bits                                      (abs)        00091
_PIN_MANAGER_Initialize                        text5        004AC
_PIR1bits                                      (abs)        00011
_PLLR                                          (abs)        004D6
_PORTAbits                                     (abs)        0000C
_POS_OFF                                       text21       00607
_POS_ON                                        text20       005F7
_PR2                                           (abs)        0001B
_PSTR1CON                                      (abs)        00296
_PWM1CON                                       (abs)        00294
_RCREG                                         (abs)        00199
_RCSTA                                         (abs)        0019D
_RCSTAbits                                     (abs)        0019D
_SIGNAL_Data                                   bssBANK1     000A0
_SPBRGH                                        (abs)        0019C
_SPBRGL                                        (abs)        0019B
_SYSTEM_Initialize                             text1        004FB
_T2CON                                         (abs)        0001C
_T2CONbits                                     (abs)        0001C
_TMR0                                          (abs)        00015
_TMR0_DefaultInterruptHandler                  text48       00666
_TMR0_ISR                                      text46       00580
_TMR0_Initialize                               text4        00559
_TMR0_InterruptHandler                         bssBANK0     0003E
_TMR0_SetInterruptHandler                      text10       00614
_TMR0_WriteTimer                               text30       0063D
_TMR2                                          (abs)        0001A
_TMR2_Initialize                               text3        005E7
_TRISA                                         (abs)        0008C
_TRISB                                         (abs)        0008D
_TRISC                                         (abs)        0008E
_TRISE                                         (abs)        00090
_TXREG                                         (abs)        0019A
_TXSTA                                         (abs)        0019E
_TXSTAbits                                     (abs)        0019E
_WDTCON                                        (abs)        00097
_WDT_Initialize                                text2        00650
_WPUB                                          (abs)        0020D
_WPUE                                          (abs)        00210
__H__absolute__                                __absolute__ 00000
__Habs1                                        abs1         00000
__Hbank0                                       bank0        00000
__Hbank1                                       bank1        00000
__Hbank10                                      bank10       00000
__Hbank11                                      bank11       00000
__Hbank12                                      bank12       00000
__Hbank13                                      bank13       00000
__Hbank14                                      bank14       00000
__Hbank15                                      bank15       00000
__Hbank16                                      bank16       00000
__Hbank17                                      bank17       00000
__Hbank18                                      bank18       00000
__Hbank19                                      bank19       00000
__Hbank2                                       bank2        00000
__Hbank20                                      bank20       00000
__Hbank21                                      bank21       00000
__Hbank22                                      bank22       00000
__Hbank23                                      bank23       00000
__Hbank24                                      bank24       00000
__Hbank25                                      bank25       00000
__Hbank26                                      bank26       00000
__Hbank27                                      bank27       00000
__Hbank28                                      bank28       00000
__Hbank29                                      bank29       00000
__Hbank3                                       bank3        00000
__Hbank30                                      bank30       00000
__Hbank31                                      bank31       00000
__Hbank4                                       bank4        00000
__Hbank5                                       bank5        00000
__Hbank6                                       bank6        00000
__Hbank7                                       bank7        00000
__Hbank8                                       bank8        00000
__Hbank9                                       bank9        00000
__Hbigram                                      bigram       00000
__HbssBANK0                                    bssBANK0     00000
__HbssBANK1                                    bssBANK1     00000
__HbssCOMMON                                   bssCOMMON    00000
__Hcinit                                       cinit        00054
__Hclrtext                                     clrtext      00000
__Hcode                                        code         00000
__Hcommon                                      common       00000
__Hconfig                                      config       08009
__HcstackBANK0                                 cstackBANK0  00000
__HcstackBANK1                                 cstackBANK1  00000
__HcstackCOMMON                                cstackCOMMON 00000
__HdataBANK0                                   dataBANK0    00000
__Heeprom_data                                 eeprom_data  00000
__Hend_init                                    end_init     0003A
__Hfunctab                                     functab      00000
__Hheap                                        heap         00000
__HidataBANK0                                  idataBANK0   00000
__Hinit                                        init         00038
__Hintentry                                    intentry     00038
__Hmaintext                                    maintext     00000
__Hpowerup                                     powerup      00000
__Hram                                         ram          00000
__Hreset_vec                                   reset_vec    00002
__Hsfr0                                        sfr0         00000
__Hsfr1                                        sfr1         00000
__Hsfr10                                       sfr10        00000
__Hsfr11                                       sfr11        00000
__Hsfr12                                       sfr12        00000
__Hsfr13                                       sfr13        00000
__Hsfr14                                       sfr14        00000
__Hsfr15                                       sfr15        00000
__Hsfr16                                       sfr16        00000
__Hsfr17                                       sfr17        00000
__Hsfr18                                       sfr18        00000
__Hsfr19                                       sfr19        00000
__Hsfr2                                        sfr2         00000
__Hsfr20                                       sfr20        00000
__Hsfr21                                       sfr21        00000
__Hsfr22                                       sfr22        00000
__Hsfr23                                       sfr23        00000
__Hsfr24                                       sfr24        00000
__Hsfr25                                       sfr25        00000
__Hsfr26                                       sfr26        00000
__Hsfr27                                       sfr27        00000
__Hsfr28                                       sfr28        00000
__Hsfr29                                       sfr29        00000
__Hsfr3                                        sfr3         00000
__Hsfr30                                       sfr30        00000
__Hsfr31                                       sfr31        00000
__Hsfr4                                        sfr4         00000
__Hsfr5                                        sfr5         00000
__Hsfr6                                        sfr6         00000
__Hsfr7                                        sfr7         00000
__Hsfr8                                        sfr8         00000
__Hsfr9                                        sfr9         00000
__Hsivt                                        sivt         00038
__Hspace_0                                     (abs)        00668
__Hspace_1                                     (abs)        000AA
__Hspace_2                                     (abs)        00000
__Hspace_3                                     (abs)        00000
__Hspace_4                                     (abs)        10010
__Hstack                                       stack        00000
__Hstrings                                     strings      00000
__Hstringtext1                                 stringtext1  00000
__Htext                                        text         00000
__L__absolute__                                __absolute__ 00000
__Labs1                                        abs1         00000
__Lbank0                                       bank0        00000
__Lbank1                                       bank1        00000
__Lbank10                                      bank10       00000
__Lbank11                                      bank11       00000
__Lbank12                                      bank12       00000
__Lbank13                                      bank13       00000
__Lbank14                                      bank14       00000
__Lbank15                                      bank15       00000
__Lbank16                                      bank16       00000
__Lbank17                                      bank17       00000
__Lbank18                                      bank18       00000
__Lbank19                                      bank19       00000
__Lbank2                                       bank2        00000
__Lbank20                                      bank20       00000
__Lbank21                                      bank21       00000
__Lbank22                                      bank22       00000
__Lbank23                                      bank23       00000
__Lbank24                                      bank24       00000
__Lbank25                                      bank25       00000
__Lbank26                                      bank26       00000
__Lbank27                                      bank27       00000
__Lbank28                                      bank28       00000
__Lbank29                                      bank29       00000
__Lbank3                                       bank3        00000
__Lbank30                                      bank30       00000
__Lbank31                                      bank31       00000
__Lbank4                                       bank4        00000
__Lbank5                                       bank5        00000
__Lbank6                                       bank6        00000
__Lbank7                                       bank7        00000
__Lbank8                                       bank8        00000
__Lbank9                                       bank9        00000
__Lbigram                                      bigram       00000
__LbssBANK0                                    bssBANK0     00000
__LbssBANK1                                    bssBANK1     00000
__LbssCOMMON                                   bssCOMMON    00000
__Lcinit                                       cinit        0003A
__Lclrtext                                     clrtext      00000
__Lcode                                        code         00000
__Lcommon                                      common       00000
__Lconfig                                      config       00000
__LcstackBANK0                                 cstackBANK0  00000
__LcstackBANK1                                 cstackBANK1  00000
__LcstackCOMMON                                cstackCOMMON 00000
__LdataBANK0                                   dataBANK0    00000
__Leeprom_data                                 eeprom_data  00000
__Lend_init                                    end_init     00038
__Lfunctab                                     functab      00000
__Lheap                                        heap         00000
__LidataBANK0                                  idataBANK0   00000
__Linit                                        init         00038
__Lintentry                                    intentry     00004
__Lmaintext                                    maintext     00000
__Lpowerup                                     powerup      00000
__Lram                                         ram          00000
__Lreset_vec                                   reset_vec    00000
__Lsfr0                                        sfr0         00000
__Lsfr1                                        sfr1         00000
__Lsfr10                                       sfr10        00000
__Lsfr11                                       sfr11        00000
__Lsfr12                                       sfr12        00000
__Lsfr13                                       sfr13        00000
__Lsfr14                                       sfr14        00000
__Lsfr15                                       sfr15        00000
__Lsfr16                                       sfr16        00000
__Lsfr17                                       sfr17        00000
__Lsfr18                                       sfr18        00000
__Lsfr19                                       sfr19        00000
__Lsfr2                                        sfr2         00000
__Lsfr20                                       sfr20        00000
__Lsfr21                                       sfr21        00000
__Lsfr22                                       sfr22        00000
__Lsfr23                                       sfr23        00000
__Lsfr24                                       sfr24        00000
__Lsfr25                                       sfr25        00000
__Lsfr26                                       sfr26        00000
__Lsfr27                                       sfr27        00000
__Lsfr28                                       sfr28        00000
__Lsfr29                                       sfr29        00000
__Lsfr3                                        sfr3         00000
__Lsfr30                                       sfr30        00000
__Lsfr31                                       sfr31        00000
__Lsfr4                                        sfr4         00000
__Lsfr5                                        sfr5         00000
__Lsfr6                                        sfr6         00000
__Lsfr7                                        sfr7         00000
__Lsfr8                                        sfr8         00000
__Lsfr9                                        sfr9         00000
__Lsivt                                        sivt         00038
__Lspace_0                                     (abs)        00000
__Lspace_1                                     (abs)        00000
__Lspace_2                                     (abs)        00000
__Lspace_3                                     (abs)        00000
__Lspace_4                                     (abs)        00000
__Lstack                                       stack        00000
__Lstrings                                     strings      00000
__Lstringtext1                                 stringtext1  00000
__Ltext                                        text         00000
__S0                                           (abs)        00668
__S1                                           (abs)        000AA
__S3                                           (abs)        00000
___heap_hi                                     (abs)        00000
___heap_lo                                     (abs)        00000
___int_sp                                      stack        00000
___int_stack_hi                                stack        00000
___int_stack_lo                                stack        00000
___latbits                                     (abs)        00002
___sp                                          stack        00000
___stack_hi                                    stack        00000
___stack_lo                                    stack        00000
___stackhi                                     (abs)        00000
___stacklo                                     (abs)        00000
__end_of_DRL_ON                                text26       00607
__end_of_EPWM1_Initialize                      text17       005C5
__end_of_EPWM1_LoadDutyValue                   text27       00543
__end_of_EUSART_DefaultErrorHandler            text53       0065C
__end_of_EUSART_DefaultFramingErrorHandler     text52       00668
__end_of_EUSART_DefaultOverrunErrorHandler     text51       00658
__end_of_EUSART_Initialize                     text11       0036A
__end_of_EUSART_Read                           text43       00424
__end_of_EUSART_Receive_ISR                    text50       003A3
__end_of_EUSART_RxDataHandler                  text54       0052C
__end_of_EUSART_SetErrorHandler                text16       00638
__end_of_EUSART_SetFramingErrorHandler         text15       00632
__end_of_EUSART_SetOverrunErrorHandler         text14       0062C
__end_of_EUSART_SetRxInterruptHandler          text13       00626
__end_of_EUSART_SetTxInterruptHandler          text12       00620
__end_of_EUSART_Transmit_ISR                   text49       00490
__end_of_EUSART_Write                          text35       003FE
__end_of_EUSART_get_last_status                text42       00665
__end_of_EUSART_is_rx_ready                    text44       005E7
__end_of_HIBEAM_OFF                            text25       00662
__end_of_HIBEAM_ON                             text24       0065F
__end_of_INTERRUPT_InterruptManager            intentry     00038
__end_of_LIN_Slave_Initialize                  text7        005B8
__end_of_LIN_breakCheck                        text41       00580
__end_of_LIN_calcParity                        text40       001F8
__end_of_LIN_checkPID                          text38       004FB
__end_of_LIN_disableRx                         text37       0064C
__end_of_LIN_enableRx                          text36       00647
__end_of_LIN_getChecksum                       text34       003D6
__end_of_LIN_getFromTable                      text39       002CD
__end_of_LIN_getPacket                         text22       004AC
__end_of_LIN_handler                           text18       00172
__end_of_LIN_init                              text8        00559
__end_of_LIN_queuePacket                       text31       00263
__end_of_LIN_sendPacket                        text33       0046E
__end_of_LIN_setTimerHandler                   text9        005F7
__end_of_LIN_startTimer                        text29       005D2
__end_of_LIN_stopTimer                         text28       0063D
__end_of_LIN_timerHandler                      text47       0059E
__end_of_OSCILLATOR_Initialize                 text6        005DE
__end_of_PIN_MANAGER_Initialize                text5        004C7
__end_of_POS_OFF                               text21       0060E
__end_of_POS_ON                                text20       005FF
__end_of_SYSTEM_Initialize                     text1        00514
__end_of_TMR0_DefaultInterruptHandler          text48       00667
__end_of_TMR0_ISR                              text46       00590
__end_of_TMR0_Initialize                       text4        0056D
__end_of_TMR0_SetInterruptHandler              text10       0061A
__end_of_TMR0_WriteTimer                       text30       00642
__end_of_TMR2_Initialize                       text3        005EF
__end_of_WDT_Initialize                        text2        00654
__end_of__initialization                       cinit        00050
__end_of_main                                  maintext     005AB
__end_of_memcpy                                text32       00449
__end_of_memset                                text23       004E1
__end_of_processLIN                            text19       0032C
__end_of_scheduleTable                         stringtext1  00650
__initialization                               cinit        0003A
__pbssBANK0                                    bssBANK0     00020
__pbssBANK1                                    bssBANK1     000A0
__pbssCOMMON                                   bssCOMMON    0007B
__pcstackBANK0                                 cstackBANK0  00063
__pcstackBANK1                                 cstackBANK1  000A8
__pcstackCOMMON                                cstackCOMMON 00070
__pdataBANK0                                   dataBANK0    0006E
__pidataBANK0                                  idataBANK0   00665
__pintentry                                    intentry     00004
__pmaintext                                    maintext     0059E
__pstringtext1                                 stringtext1  0064C
__ptext1                                       text1        004FB
__ptext10                                      text10       00614
__ptext11                                      text11       0032C
__ptext12                                      text12       0061A
__ptext13                                      text13       00620
__ptext14                                      text14       00626
__ptext15                                      text15       0062C
__ptext16                                      text16       00632
__ptext17                                      text17       005B8
__ptext18                                      text18       00054
__ptext19                                      text19       002CD
__ptext2                                       text2        00650
__ptext20                                      text20       005F7
__ptext21                                      text21       00607
__ptext22                                      text22       00490
__ptext23                                      text23       004C7
__ptext24                                      text24       0065C
__ptext25                                      text25       0065F
__ptext26                                      text26       005FF
__ptext27                                      text27       0052C
__ptext28                                      text28       00638
__ptext29                                      text29       005C5
__ptext3                                       text3        005E7
__ptext30                                      text30       0063D
__ptext31                                      text31       001F8
__ptext32                                      text32       00424
__ptext33                                      text33       00449
__ptext34                                      text34       003A3
__ptext35                                      text35       003D6
__ptext36                                      text36       00642
__ptext37                                      text37       00647
__ptext38                                      text38       004E1
__ptext39                                      text39       00263
__ptext4                                       text4        00559
__ptext40                                      text40       00172
__ptext41                                      text41       0056D
__ptext42                                      text42       00662
__ptext43                                      text43       003FE
__ptext44                                      text44       005DE
__ptext46                                      text46       00580
__ptext47                                      text47       00590
__ptext48                                      text48       00666
__ptext49                                      text49       0046E
__ptext5                                       text5        004AC
__ptext50                                      text50       0036A
__ptext51                                      text51       00654
__ptext52                                      text52       00667
__ptext53                                      text53       00658
__ptext54                                      text54       00514
__ptext6                                       text6        005D2
__ptext7                                       text7        005AB
__ptext8                                       text8        00543
__ptext9                                       text9        005EF
_eusartRxBuffer                                bssBANK0     00028
_eusartRxCount                                 bssBANK0     00049
_eusartRxHead                                  bssCOMMON    0007C
_eusartRxLastError                             bssBANK0     00048
_eusartRxStatusBuffer                          bssBANK0     00020
_eusartRxTail                                  bssCOMMON    0007B
_eusartTxBuffer                                bssBANK0     00030
_eusartTxBufferRemaining                       bssBANK0     0004A
_eusartTxHead                                  bssBANK0     0004C
_eusartTxTail                                  bssBANK0     0004B
_lampFlags                                     bssBANK0     00054
_lampState                                     bssBANK0     00055
_main                                          maintext     0059E
_memcpy                                        text32       00424
_memset                                        text23       004C7
_processLIN                                    text19       002CD
_scheduleTable                                 stringtext1  0064C
_timer0ReloadVal                               bssBANK0     0004D
btemp                                          (abs)        0007E
clear_ram0                                     clrtext      0060E
end_of_initialization                          cinit        00050
int$flags                                      (abs)        0007E
intlevel0                                      functab      00000
intlevel1                                      functab      00000
intlevel2                                      functab      00000
intlevel3                                      functab      00000
intlevel4                                      functab      00000
intlevel5                                      functab      00000
memcpy@d                                       cstackCOMMON 00076
memcpy@d1                                      cstackCOMMON 00078
memcpy@n                                       cstackCOMMON 00072
memcpy@s                                       cstackCOMMON 00077
memcpy@s1                                      cstackCOMMON 00071
memcpy@tmp                                     cstackCOMMON 00075
memset@c                                       cstackCOMMON 00071
memset@dest                                    cstackCOMMON 00077
memset@n                                       cstackCOMMON 00073
memset@p                                       cstackCOMMON 00076
processLIN@cmd                                 cstackBANK0  0006C
processLIN@tempRxData                          cstackBANK0  00064
reset_vec                                      reset_vec    00000
start                                          init         00038
start_initialization                           cinit        0003A
wtemp0                                         (abs)        0007E


MODULE INFORMATION

Module		Function		Class		Link	Load	Size
mcc_generated_files/tmr2.c
		_TMR2_Initialize		CODE           	05E7	0000	8

mcc_generated_files/tmr2.c estimated size: 8

mcc_generated_files/interrupt_manager.c
		_INTERRUPT_InterruptManager		CODE           	0004	0000	52

mcc_generated_files/interrupt_manager.c estimated size: 52

mcc_generated_files/tmr0.c
		_TMR0_SetInterruptHandler		CODE           	0614	0000	6
		_TMR0_DefaultInterruptHandler		CODE           	0666	0000	1
		_TMR0_WriteTimer		CODE           	063D	0000	5
		_TMR0_ISR      		CODE           	0580	0000	16
		_TMR0_Initialize		CODE           	0559	0000	20

mcc_generated_files/tmr0.c estimated size: 48

mcc_generated_files/pin_manager.c
		_PIN_MANAGER_Initialize		CODE           	04AC	0000	27

mcc_generated_files/pin_manager.c estimated size: 27

C:\Program Files\Microchip\xc8\v2.46\pic\sources\c99\common\memset.c
		_memset        		CODE           	04C7	0000	26

C:\Program Files\Microchip\xc8\v2.46\pic\sources\c99\common\memset.c estimated size: 26

shared
		_scheduleTable 		STRCODE        	064C	0000	4
		__initialization		CODE           	003A	0000	22

shared estimated size: 26

mcc_generated_files/mcc.c
		_WDT_Initialize		CODE           	0650	0000	4
		_OSCILLATOR_Initialize		CODE           	05D2	0000	12
		_SYSTEM_Initialize		CODE           	04FB	0000	25

mcc_generated_files/mcc.c estimated size: 41

mcc_generated_files/epwm1.c
		_EPWM1_LoadDutyValue		CODE           	052C	0000	23
		_EPWM1_Initialize		CODE           	05B8	0000	13

mcc_generated_files/epwm1.c estimated size: 36

mcc_generated_files/LINDrivers/lin_app.c
		_processLIN    		CODE           	02CD	0000	95
		_POS_OFF       		CODE           	0607	0000	7
		_HIBEAM_ON     		CODE           	065C	0000	3
		_HIBEAM_OFF    		CODE           	065F	0000	3
		_DRL_ON        		CODE           	05FF	0000	8
		_LIN_Slave_Initialize		CODE           	05AB	0000	13
		_POS_ON        		CODE           	05F7	0000	8

mcc_generated_files/LINDrivers/lin_app.c estimated size: 137

C:\Program Files\Microchip\xc8\v2.46\pic\sources\c99\common\memcpy.c
		_memcpy        		CODE           	0424	0000	37

C:\Program Files\Microchip\xc8\v2.46\pic\sources\c99\common\memcpy.c estimated size: 37

mcc_generated_files/LINDrivers/lin_slave.c
		_LIN_init      		CODE           	0543	0000	22
		_LIN_stopTimer 		CODE           	0638	0000	5
		_LIN_timerHandler		CODE           	0590	0000	14
		_LIN_checkPID  		CODE           	04E1	0000	26
		_LIN_getFromTable		CODE           	0263	0000	106
		_LIN_getPacket 		CODE           	0490	0000	28
		_LIN_sendPacket		CODE           	0449	0000	37
		_LIN_disableRx 		CODE           	0647	0000	5
		_LIN_setTimerHandler		CODE           	05EF	0000	8
		_LIN_startTimer		CODE           	05C5	0000	13
		_LIN_queuePacket		CODE           	01F8	0000	107
		_LIN_breakCheck		CODE           	056D	0000	19
		_LIN_getChecksum		CODE           	03A3	0000	51
		_LIN_handler   		CODE           	0054	0000	286
		_LIN_calcParity		CODE           	0172	0000	134
		_LIN_enableRx  		CODE           	0642	0000	5

mcc_generated_files/LINDrivers/lin_slave.c estimated size: 866

mcc_generated_files/eusart.c
		_EUSART_SetRxInterruptHandler		CODE           	0620	0000	6
		_EUSART_SetTxInterruptHandler		CODE           	061A	0000	6
		_EUSART_Read   		CODE           	03FE	0000	38
		_EUSART_DefaultOverrunErrorHandler		CODE           	0654	0000	4
		_EUSART_Write  		CODE           	03D6	0000	40
		_EUSART_DefaultErrorHandler		CODE           	0658	0000	4
		_EUSART_Transmit_ISR		CODE           	046E	0000	34
		_EUSART_Initialize		CODE           	032C	0000	62
		_EUSART_SetFramingErrorHandler		CODE           	062C	0000	6
		_EUSART_SetErrorHandler		CODE           	0632	0000	6
		_EUSART_SetOverrunErrorHandler		CODE           	0626	0000	6
		_EUSART_Receive_ISR		CODE           	036A	0000	57
		_EUSART_RxDataHandler		CODE           	0514	0000	24
		_EUSART_DefaultFramingErrorHandler		CODE           	0667	0000	1
		_EUSART_get_last_status		CODE           	0662	0000	3
		_EUSART_is_rx_ready		CODE           	05DE	0000	9

mcc_generated_files/eusart.c estimated size: 306

main.c
		_main          		CODE           	059E	0000	13

main.c estimated size: 13

