Microchip MPLAB XC8 Compiler V2.46

Linker command line:

-W-3 --edf=c:\PROGRA~1\MICROC~1\xc8\v2.46\pic\dat\20240104201356_en.msgs \
  -cn -h+D:\yiming\00work\FR752.X\out\FR752\default.sym \
  --cmf=D:\yiming\00work\FR752.X\out\FR752\default.cmf -z -Q16F1936 \
  -oC:\Users\t00904\AppData\Local\Temp\xcCs9ss.2\driver_tmp_3.o \
  --defsym=__MPLAB_BUILD=1 --fixupoverflow=error -Mmem.map \
  --md=C:\Users\t00904\AppData\Local\Temp\xcCs9ss.2\driver_tmp_0.dat -E1 \
  -ver=XC8 Compiler --acfsm=1493 -ACODE=00h-07FFhx4 -ASTRCODE=00h-01FFFh \
  -ASTRING=00h-0FFhx32 -ACONST=00h-0FFhx32 -AENTRY=00h-0FFhx32 \
  -ACOMMON=070h-07Fh -ABANK0=020h-06Fh -ABANK1=0A0h-0EFh \
  -ABANK2=0120h-016Fh -ABANK3=01A0h-01EFh -ABANK4=0220h-026Fh \
  -ABANK5=02A0h-02EFh -ABANK6=0320h-032Fh -ABIGRAM=02000h-021EFh \
  -ARAM=020h-06Fh,0A0h-0EFh,0120h-016Fh,01A0h-01EFh,0220h-026Fh,02A0h-02EFh,0320h-032Fh \
  -AABS1=020h-07Fh,0A0h-0EFh,0120h-016Fh,01A0h-01EFh,0220h-026Fh,02A0h-02EFh,0320h-032Fh \
  -ASFR0=00h-01Fh -ASFR1=080h-09Fh -ASFR2=0100h-011Fh -ASFR3=0180h-019Fh \
  -ASFR4=0200h-021Fh -ASFR5=0280h-029Fh -ASFR6=0300h-031Fh \
  -ASFR7=0380h-03EFh -ASFR8=0400h-046Fh -ASFR9=0480h-04EFh \
  -ASFR10=0500h-056Fh -ASFR11=0580h-05EFh -ASFR12=0600h-066Fh \
  -ASFR13=0680h-06EFh -ASFR14=0700h-076Fh -ASFR15=0780h-07EFh \
  -ASFR16=0800h-086Fh -ASFR17=0880h-08EFh -ASFR18=0900h-096Fh \
  -ASFR19=0980h-09EFh -ASFR20=0A00h-0A6Fh -ASFR21=0A80h-0AEFh \
  -ASFR22=0B00h-0B6Fh -ASFR23=0B80h-0BEFh -ASFR24=0C00h-0C6Fh \
  -ASFR25=0C80h-0CEFh -ASFR26=0D00h-0D6Fh -ASFR27=0D80h-0DEFh \
  -ASFR28=0E00h-0E6Fh -ASFR29=0E80h-0EEFh -ASFR30=0F00h-0F6Fh \
  -ASFR31=0F80h-0FEFh -ACONFIG=08007h-08008h -DCONFIG=2 \
  -AIDLOC=08000h-08003h -DIDLOC=2 -AEEDATA=00h-0FFh/0F000h \
  -peeprom_data=EEDATA -DEEDATA=2 -DCODE=2 -DSTRCODE=2 -DSTRING=2 -DCONST=2 \
  -DENTRY=2 -preset_vec=00h,intentry=04h,sivt,init,end_init -ppowerup=CODE \
  -pcinit=CODE -pfunctab=ENTRY -k \
  C:\Users\t00904\AppData\Local\Temp\xcCs9ss.2\driver_tmp_15.o \
  D:\yiming\00work\FR752.X\out\FR752\default.o 

Object code version is 3.11

Machine type is 16F1936



                Name                               Link     Load   Length Selector   Space Scale
C:\Users\t00904\AppData\Local\Temp\xcCs9ss.2\driver_tmp_15.o
                end_init                             38       38        2        8       0
                reset_vec                             0        0        2        0       0
                config                             8007     8007        2        0       4
                idloc                              8000     8000        4        0       5
D:\yiming\00work\FR752.X\out\FR752\default.o
                cinit                                3A       3A       1A        8       0
                intentry                              4        4       34        8       0
                config                             8007     8007        2        0       4
                idloc                              8000     8000        4        0       5
                text55                              560      560       18        8       0
                text54                              6A9      6A9        4      D42       0
                text53                              6B8      6B8        1      D42       0
                text52                              6A5      6A5        4      D42       0
                text51                              3B6      3B6       39        8       0
                text50                              4BA      4BA       22        8       0
                text49                              6B7      6B7        1      D42       0
                text48                              5DC      5DC        E        8       0
                text47                              5CC      5CC       10        8       0
                text45                              628      628        9        8       0
                text44                              44A      44A       26        8       0
                text43                              6B3      6B3        3      D42       0
                text42                              5B9      5B9       13        8       0
                text41                              21D      21D       86        8       0
                text40                              30E      30E       6A        8       0
                text39                              52D      52D       1A        8       0
                text38                              698      698        5        8       0
                text37                              693      693        5        8       0
                text36                              422      422       28        8       0
                text35                              3EF      3EF       33        8       0
                text34                              495      495       25        8       0
                text33                              470      470       25        8       0
                text32                              2A3      2A3       6B        8       0
                text31                              68E      68E        5        8       0
                text30                              604      604        D        8       0
                text29                              689      689        5        8       0
                text28                              578      578       17        8       0
                text27                              658      658        7        8       0
                text26                              649      649        8        8       0
                text25                              6B0      6B0        3      D42       0
                text24                              6AD      6AD        3      D42       0
                text23                              513      513       1A        8       0
                text22                              4DC      4DC       1C        8       0
                text21                              651      651        7        8       0
                text20                              641      641        8        8       0
                text19                              172      172       AB        8       0
                text18                               54       54      11E        8       0
                text17                              5F7      5F7        D        8       0
                text16                              683      683        6        8       0
                text15                              67D      67D        6        8       0
                text14                              677      677        6        8       0
                text13                              671      671        6        8       0
                text12                              66B      66B        6        8       0
                text11                              378      378       3E        8       0
                text10                              665      665        6        8       0
                text9                               639      639        8        8       0
                text8                               58F      58F       16        8       0
                text7                               5EA      5EA        D        8       0
                text6                               611      611        C        8       0
                text5                               4F8      4F8       1B        8       0
                text4                               5A5      5A5       14        8       0
                text3                               631      631        8        8       0
                text2                               6A1      6A1        4      D42       0
                text1                               547      547       19        8       0
                maintext                            61D      61D        B        8       0
                cstackBANK0                          63       63        B       20       1
                cstackCOMMON                         70       70        B       70       1
                cstackBANK1                          A8       A8        2       A0       1
                clrtext                             65F      65F        6        8       0
                bssBANK1                             A0       A0        8       A0       1
                dataBANK0                            6E       6E        1       20       1
                bssBANK0                             20       20       43       20       1
                bssCOMMON                            7B       7B        2       70       1
                stringtext1                         69D      69D        4      D3A       0
                idataBANK0                          6B6      6B6        1      D42       0

TOTAL           Name                               Link     Load   Length     Space
        CLASS   CODE           
                end_init                             38       38        2         0
                cinit                                3A       3A       1A         0
                intentry                              4        4       34         0
                reset_vec                             0        0        2         0
                text55                              560      560       18         0
                text54                              6A9      6A9        4         0
                text53                              6B8      6B8        1         0
                text52                              6A5      6A5        4         0
                text51                              3B6      3B6       39         0
                text50                              4BA      4BA       22         0
                text49                              6B7      6B7        1         0
                text48                              5DC      5DC        E         0
                text47                              5CC      5CC       10         0
                text45                              628      628        9         0
                text44                              44A      44A       26         0
                text43                              6B3      6B3        3         0
                text42                              5B9      5B9       13         0
                text41                              21D      21D       86         0
                text40                              30E      30E       6A         0
                text39                              52D      52D       1A         0
                text38                              698      698        5         0
                text37                              693      693        5         0
                text36                              422      422       28         0
                text35                              3EF      3EF       33         0
                text34                              495      495       25         0
                text33                              470      470       25         0
                text32                              2A3      2A3       6B         0
                text31                              68E      68E        5         0
                text30                              604      604        D         0
                text29                              689      689        5         0
                text28                              578      578       17         0
                text27                              658      658        7         0
                text26                              649      649        8         0
                text25                              6B0      6B0        3         0
                text24                              6AD      6AD        3         0
                text23                              513      513       1A         0
                text22                              4DC      4DC       1C         0
                text21                              651      651        7         0
                text20                              641      641        8         0
                text19                              172      172       AB         0
                text18                               54       54      11E         0
                text17                              5F7      5F7        D         0
                text16                              683      683        6         0
                text15                              67D      67D        6         0
                text14                              677      677        6         0
                text13                              671      671        6         0
                text12                              66B      66B        6         0
                text11                              378      378       3E         0
                text10                              665      665        6         0
                text9                               639      639        8         0
                text8                               58F      58F       16         0
                text7                               5EA      5EA        D         0
                text6                               611      611        C         0
                text5                               4F8      4F8       1B         0
                text4                               5A5      5A5       14         0
                text3                               631      631        8         0
                text2                               6A1      6A1        4         0
                text1                               547      547       19         0
                maintext                            61D      61D        B         0
                clrtext                             65F      65F        6         0
                idataBANK0                          6B6      6B6        1         0

        CLASS   STRCODE        
                stringtext1                         69D      69D        4         0

        CLASS   STRING         

        CLASS   CONST          

        CLASS   ENTRY          

        CLASS   COMMON         
                cstackCOMMON                         70       70        B         1
                bssCOMMON                            7B       7B        2         1

        CLASS   BANK0          
                cstackBANK0                          63       63        B         1
                dataBANK0                            6E       6E        1         1
                bssBANK0                             20       20       43         1

        CLASS   BANK1          
                cstackBANK1                          A8       A8        2         1
                bssBANK1                             A0       A0        8         1

        CLASS   BANK2          

        CLASS   BANK3          

        CLASS   BANK4          

        CLASS   BANK5          

        CLASS   BANK6          

        CLASS   BIGRAM         

        CLASS   RAM            

        CLASS   ABS1           
                abs_s1                               7E       7E        2         1

        CLASS   SFR0           

        CLASS   SFR1           

        CLASS   SFR2           

        CLASS   SFR3           

        CLASS   SFR4           

        CLASS   SFR5           

        CLASS   SFR6           

        CLASS   SFR7           

        CLASS   SFR8           

        CLASS   SFR9           

        CLASS   SFR10          

        CLASS   SFR11          

        CLASS   SFR12          

        CLASS   SFR13          

        CLASS   SFR14          

        CLASS   SFR15          

        CLASS   SFR16          

        CLASS   SFR17          

        CLASS   SFR18          

        CLASS   SFR19          

        CLASS   SFR20          

        CLASS   SFR21          

        CLASS   SFR22          

        CLASS   SFR23          

        CLASS   SFR24          

        CLASS   SFR25          

        CLASS   SFR26          

        CLASS   SFR27          

        CLASS   SFR28          

        CLASS   SFR29          

        CLASS   SFR30          

        CLASS   SFR31          

        CLASS   CONFIG         
                config                             8007     8007        2         4

        CLASS   IDLOC          
                idloc                              8000     8000        4         5

        CLASS   EEDATA         

        CLASS   BANK31         

        CLASS   BANK30         

        CLASS   BANK29         

        CLASS   BANK28         

        CLASS   BANK27         

        CLASS   BANK26         

        CLASS   BANK25         

        CLASS   BANK24         

        CLASS   BANK23         

        CLASS   BANK22         

        CLASS   BANK21         

        CLASS   BANK20         

        CLASS   BANK19         

        CLASS   BANK18         

        CLASS   BANK17         

        CLASS   BANK16         

        CLASS   BANK15         

        CLASS   BANK14         

        CLASS   BANK13         

        CLASS   BANK12         

        CLASS   BANK11         

        CLASS   BANK10         

        CLASS   BANK9          

        CLASS   BANK8          

        CLASS   BANK7          

        CLASS   HEAP           

        CLASS   STACK          



SEGMENTS        Name                           Load    Length   Top    Selector   Space  Class     Delta

                reset_vec                      000000  000002  000002         0       0  CODE        2
                intentry                       000004  000699  00069D         8       0  CODE        2
                bssBANK0                       000020  00004F  00006F        20       1  BANK0       1
                cstackCOMMON                   000070  00000D  00007D        70       1  COMMON      1
                bssBANK1                       0000A0  00000A  0000AA        A0       1  BANK1       1
                stringtext1                    00069D  000004  0006A1       D3A       0  STRCODE     2
                text2                          0006A1  000018  0006B9       D42       0  CODE        2


UNUSED ADDRESS RANGES

        Name                Unused          Largest block    Delta
        BANK0            0006F-0006F               1           1
        BANK1            000AA-000EF              46           1
        BANK2            00120-0016F              50           1
        BANK3            001A0-001EF              50           1
        BANK4            00220-0026F              50           1
        BANK5            002A0-002EF              50           1
        BANK6            00320-0032F              10           1
        BIGRAM           02000-021EF             1F0           1
        CODE             00002-00003               2           2
                         006B9-01FFF             800
        COMMON           0007D-0007D               1           1
        CONST            00002-00003               2           2
                         006B9-01FFF             100
        EEDATA           0F000-0F0FF             100           2
        ENTRY            00002-00003               2           2
                         006B9-01FFF             100
        RAM              0006F-0006F               1           1
                         000AA-000EF              46
                         00120-0016F              50
                         001A0-001EF              50
                         00220-0026F              50
                         002A0-002EF              50
                         00320-0032F              10
        SFR0             00000-0001F              20           1
        SFR1             00080-0009F              20           1
        SFR10            00500-0056F              70           1
        SFR11            00580-005EF              70           1
        SFR12            00600-0066F              70           1
        SFR13            00680-006EF              70           1
        SFR14            00700-0076F              70           1
        SFR15            00780-007EF              70           1
        SFR16            00800-0086F              70           1
        SFR17            00880-008EF              70           1
        SFR18            00900-0096F              70           1
        SFR19            00980-009EF              70           1
        SFR2             00100-0011F              20           1
        SFR20            00A00-00A6F              70           1
        SFR21            00A80-00AEF              70           1
        SFR22            00B00-00B6F              70           1
        SFR23            00B80-00BEF              70           1
        SFR24            00C00-00C6F              70           1
        SFR25            00C80-00CEF              70           1
        SFR26            00D00-00D6F              70           1
        SFR27            00D80-00DEF              70           1
        SFR28            00E00-00E6F              70           1
        SFR29            00E80-00EEF              70           1
        SFR3             00180-0019F              20           1
        SFR30            00F00-00F6F              70           1
        SFR31            00F80-00FEF              70           1
        SFR4             00200-0021F              20           1
        SFR5             00280-0029F              20           1
        SFR6             00300-0031F              20           1
        SFR7             00380-003EF              70           1
        SFR8             00400-0046F              70           1
        SFR9             00480-004EF              70           1
        STRCODE          00002-00003               2           2
                         006B9-01FFF            1947
        STRING           00002-00003               2           2
                         006B9-01FFF             100

                                  Symbol Table

EPWM1_LoadDutyValue@dutyValue                  cstackCOMMON 00071
EUSART_Read@readValue                          cstackCOMMON 00072
EUSART_SetErrorHandler@interruptHandler        cstackCOMMON 00071
EUSART_SetFramingErrorHandler@interruptHandler cstackCOMMON 00071
EUSART_SetOverrunErrorHandler@interruptHandler cstackCOMMON 00071
EUSART_SetRxInterruptHandler@interruptHandler  cstackCOMMON 00071
EUSART_SetTxInterruptHandler@interruptHandler  cstackCOMMON 00071
EUSART_Write@txData                            cstackCOMMON 00072
LIN_calcParity@CMD                             cstackCOMMON 00072
LIN_calcParity@PID                             cstackCOMMON 00073
LIN_checkPID@pid                               cstackCOMMON 00078
LIN_getChecksum@checksum                       cstackCOMMON 00077
LIN_getChecksum@data                           cstackCOMMON 00072
LIN_getChecksum@i                              cstackCOMMON 00076
LIN_getChecksum@length                         cstackCOMMON 00075
LIN_getChecksum@pid                            cstackCOMMON 00071
LIN_getFromTable@cmd                           cstackCOMMON 00074
LIN_getFromTable@length                        cstackCOMMON 00075
LIN_getFromTable@param                         cstackCOMMON 00071
LIN_getFromTable@rxCommand                     cstackCOMMON 00076
LIN_getPacket@cmd                              cstackCOMMON 00079
LIN_getPacket@data                             cstackCOMMON 0007A
LIN_handler@LIN_rxState                        bssBANK0     0004F
LIN_handler@rxDataIndex                        bssBANK0     0004E
LIN_init@command                               cstackCOMMON 00073
LIN_init@processData                           cstackCOMMON 00075
LIN_init@tableLength                           cstackCOMMON 00077
LIN_queuePacket@cmd                            cstackBANK0  0006A
LIN_queuePacket@i                              cstackBANK0  0006B
LIN_queuePacket@tempSchedule                   cstackBANK0  0006C
LIN_sendPacket@data                            cstackCOMMON 0007A
LIN_sendPacket@i                               cstackBANK0  00065
LIN_sendPacket@length                          cstackBANK0  00064
LIN_sendPacket@pid                             cstackCOMMON 00079
LIN_startTimer@timeout                         cstackCOMMON 00072
TMR0_SetInterruptHandler@InterruptHandler      cstackCOMMON 00071
TMR0_WriteTimer@timerVal                       cstackCOMMON 00071
_ANSELA                                        (abs)        0018C
_ANSELB                                        (abs)        0018D
_APFCON                                        (abs)        0011D
_BAUDCON                                       (abs)        0019F
_BORCON                                        (abs)        00116
_CCP1CON                                       (abs)        00293
_CCPR1H                                        (abs)        00292
_CCPR1L                                        (abs)        00291
_CCPTMRS0bits                                  (abs)        0029E
_CountCallBack                                 bssBANK0     00050
_DRL_OFF                                       text27       00658
_DRL_ON                                        text26       00649
_ECCP1AS                                       (abs)        00295
_EPWM1_Initialize                              text17       005F7
_EPWM1_LoadDutyValue                           text28       00578
_EUSART_DefaultErrorHandler                    text54       006A9
_EUSART_DefaultFramingErrorHandler             text53       006B8
_EUSART_DefaultOverrunErrorHandler             text52       006A5
_EUSART_ErrorHandler                           bssBANK0     0003A
_EUSART_FramingErrorHandler                    bssBANK0     0003E
_EUSART_Initialize                             text11       00378
_EUSART_OverrunErrorHandler                    bssBANK0     0003C
_EUSART_Read                                   text44       0044A
_EUSART_Receive_ISR                            text51       003B6
_EUSART_RxDataHandler                          text55       00560
_EUSART_RxDefaultInterruptHandler              bssBANK0     00040
_EUSART_SetErrorHandler                        text16       00683
_EUSART_SetFramingErrorHandler                 text15       0067D
_EUSART_SetOverrunErrorHandler                 text14       00677
_EUSART_SetRxInterruptHandler                  text13       00671
_EUSART_SetTxInterruptHandler                  text12       0066B
_EUSART_Transmit_ISR                           text50       004BA
_EUSART_TxDefaultInterruptHandler              bssBANK0     00042
_EUSART_Write                                  text36       00422
_EUSART_get_last_status                        text43       006B3
_EUSART_is_rx_ready                            text45       00628
_HIBEAM_OFF                                    text25       006B0
_HIBEAM_ON                                     text24       006AD
_INTCONbits                                    (abs)        0000B
_INTERRUPT_InterruptManager                    intentry     00004
_LATA                                          (abs)        0010C
_LATAbits                                      (abs)        0010C
_LATB                                          (abs)        0010D
_LATC                                          (abs)        0010E
_LATE                                          (abs)        00110
_LIN_Slave_Initialize                          text7        005EA
_LIN_breakCheck                                text42       005B9
_LIN_calcParity                                text41       0021D
_LIN_checkPID                                  text39       0052D
_LIN_disableRx                                 text38       00698
_LIN_enableRx                                  text37       00693
_LIN_getChecksum                               text35       003EF
_LIN_getFromTable                              text40       0030E
_LIN_getPacket                                 text22       004DC
_LIN_handler                                   text18       00054
_LIN_init                                      text8        0058F
_LIN_packet                                    bssBANK0     00056
_LIN_processData                               bssBANK0     00046
_LIN_queuePacket                               text32       002A3
_LIN_rxCommand                                 bssBANK0     00044
_LIN_rxCommandLength                           bssBANK0     00052
_LIN_rxInProgress                              bssBANK0     00053
_LIN_sendPacket                                text34       00495
_LIN_setTimerHandler                           text9        00639
_LIN_startTimer                                text30       00604
_LIN_stopTimer                                 text29       00689
_LIN_timeout                                   dataBANK0    0006E
_LIN_timerHandler                              text48       005DC
_LIN_timerRunning                              bssBANK0     00051
_OPTION_REG                                    (abs)        00095
_OPTION_REGbits                                (abs)        00095
_OSCCON                                        (abs)        00099
_OSCILLATOR_Initialize                         text6        00611
_OSCTUNE                                       (abs)        00098
_PIE1bits                                      (abs)        00091
_PIN_MANAGER_Initialize                        text5        004F8
_PIR1bits                                      (abs)        00011
_PLLR                                          (abs)        004D6
_POS_OFF                                       text21       00651
_POS_ON                                        text20       00641
_PR2                                           (abs)        0001B
_PSTR1CON                                      (abs)        00296
_PWM1CON                                       (abs)        00294
_RCREG                                         (abs)        00199
_RCSTA                                         (abs)        0019D
_RCSTAbits                                     (abs)        0019D
_SIGNAL_Data                                   bssBANK1     000A0
_SPBRGH                                        (abs)        0019C
_SPBRGL                                        (abs)        0019B
_SYSTEM_Initialize                             text1        00547
_T2CON                                         (abs)        0001C
_T2CONbits                                     (abs)        0001C
_TMR0                                          (abs)        00015
_TMR0_DefaultInterruptHandler                  text49       006B7
_TMR0_ISR                                      text47       005CC
_TMR0_Initialize                               text4        005A5
_TMR0_InterruptHandler                         bssBANK0     00038
_TMR0_SetInterruptHandler                      text10       00665
_TMR0_WriteTimer                               text31       0068E
_TMR2                                          (abs)        0001A
_TMR2_Initialize                               text3        00631
_TRISA                                         (abs)        0008C
_TRISB                                         (abs)        0008D
_TRISC                                         (abs)        0008E
_TRISE                                         (abs)        00090
_TXREG                                         (abs)        0019A
_TXSTA                                         (abs)        0019E
_TXSTAbits                                     (abs)        0019E
_WDTCON                                        (abs)        00097
_WDT_Initialize                                text2        006A1
_WPUB                                          (abs)        0020D
_WPUE                                          (abs)        00210
__H__absolute__                                __absolute__ 00000
__Habs1                                        abs1         00000
__Hbank0                                       bank0        00000
__Hbank1                                       bank1        00000
__Hbank10                                      bank10       00000
__Hbank11                                      bank11       00000
__Hbank12                                      bank12       00000
__Hbank13                                      bank13       00000
__Hbank14                                      bank14       00000
__Hbank15                                      bank15       00000
__Hbank16                                      bank16       00000
__Hbank17                                      bank17       00000
__Hbank18                                      bank18       00000
__Hbank19                                      bank19       00000
__Hbank2                                       bank2        00000
__Hbank20                                      bank20       00000
__Hbank21                                      bank21       00000
__Hbank22                                      bank22       00000
__Hbank23                                      bank23       00000
__Hbank24                                      bank24       00000
__Hbank25                                      bank25       00000
__Hbank26                                      bank26       00000
__Hbank27                                      bank27       00000
__Hbank28                                      bank28       00000
__Hbank29                                      bank29       00000
__Hbank3                                       bank3        00000
__Hbank30                                      bank30       00000
__Hbank31                                      bank31       00000
__Hbank4                                       bank4        00000
__Hbank5                                       bank5        00000
__Hbank6                                       bank6        00000
__Hbank7                                       bank7        00000
__Hbank8                                       bank8        00000
__Hbank9                                       bank9        00000
__Hbigram                                      bigram       00000
__HbssBANK0                                    bssBANK0     00000
__HbssBANK1                                    bssBANK1     00000
__HbssCOMMON                                   bssCOMMON    00000
__Hcinit                                       cinit        00054
__Hclrtext                                     clrtext      00000
__Hcode                                        code         00000
__Hcommon                                      common       00000
__Hconfig                                      config       08009
__HcstackBANK0                                 cstackBANK0  00000
__HcstackBANK1                                 cstackBANK1  00000
__HcstackCOMMON                                cstackCOMMON 00000
__HdataBANK0                                   dataBANK0    00000
__Heeprom_data                                 eeprom_data  00000
__Hend_init                                    end_init     0003A
__Hfunctab                                     functab      00000
__Hheap                                        heap         00000
__HidataBANK0                                  idataBANK0   00000
__Hidloc                                       idloc        08004
__Hinit                                        init         00038
__Hintentry                                    intentry     00038
__Hmaintext                                    maintext     00000
__Hpowerup                                     powerup      00000
__Hram                                         ram          00000
__Hreset_vec                                   reset_vec    00002
__Hsfr0                                        sfr0         00000
__Hsfr1                                        sfr1         00000
__Hsfr10                                       sfr10        00000
__Hsfr11                                       sfr11        00000
__Hsfr12                                       sfr12        00000
__Hsfr13                                       sfr13        00000
__Hsfr14                                       sfr14        00000
__Hsfr15                                       sfr15        00000
__Hsfr16                                       sfr16        00000
__Hsfr17                                       sfr17        00000
__Hsfr18                                       sfr18        00000
__Hsfr19                                       sfr19        00000
__Hsfr2                                        sfr2         00000
__Hsfr20                                       sfr20        00000
__Hsfr21                                       sfr21        00000
__Hsfr22                                       sfr22        00000
__Hsfr23                                       sfr23        00000
__Hsfr24                                       sfr24        00000
__Hsfr25                                       sfr25        00000
__Hsfr26                                       sfr26        00000
__Hsfr27                                       sfr27        00000
__Hsfr28                                       sfr28        00000
__Hsfr29                                       sfr29        00000
__Hsfr3                                        sfr3         00000
__Hsfr30                                       sfr30        00000
__Hsfr31                                       sfr31        00000
__Hsfr4                                        sfr4         00000
__Hsfr5                                        sfr5         00000
__Hsfr6                                        sfr6         00000
__Hsfr7                                        sfr7         00000
__Hsfr8                                        sfr8         00000
__Hsfr9                                        sfr9         00000
__Hsivt                                        sivt         00038
__Hspace_0                                     (abs)        006B9
__Hspace_1                                     (abs)        000AA
__Hspace_2                                     (abs)        00000
__Hspace_3                                     (abs)        00000
__Hspace_4                                     (abs)        10010
__Hstack                                       stack        00000
__Hstrings                                     strings      00000
__Hstringtext1                                 stringtext1  00000
__Htext                                        text         00000
__L__absolute__                                __absolute__ 00000
__Labs1                                        abs1         00000
__Lbank0                                       bank0        00000
__Lbank1                                       bank1        00000
__Lbank10                                      bank10       00000
__Lbank11                                      bank11       00000
__Lbank12                                      bank12       00000
__Lbank13                                      bank13       00000
__Lbank14                                      bank14       00000
__Lbank15                                      bank15       00000
__Lbank16                                      bank16       00000
__Lbank17                                      bank17       00000
__Lbank18                                      bank18       00000
__Lbank19                                      bank19       00000
__Lbank2                                       bank2        00000
__Lbank20                                      bank20       00000
__Lbank21                                      bank21       00000
__Lbank22                                      bank22       00000
__Lbank23                                      bank23       00000
__Lbank24                                      bank24       00000
__Lbank25                                      bank25       00000
__Lbank26                                      bank26       00000
__Lbank27                                      bank27       00000
__Lbank28                                      bank28       00000
__Lbank29                                      bank29       00000
__Lbank3                                       bank3        00000
__Lbank30                                      bank30       00000
__Lbank31                                      bank31       00000
__Lbank4                                       bank4        00000
__Lbank5                                       bank5        00000
__Lbank6                                       bank6        00000
__Lbank7                                       bank7        00000
__Lbank8                                       bank8        00000
__Lbank9                                       bank9        00000
__Lbigram                                      bigram       00000
__LbssBANK0                                    bssBANK0     00000
__LbssBANK1                                    bssBANK1     00000
__LbssCOMMON                                   bssCOMMON    00000
__Lcinit                                       cinit        0003A
__Lclrtext                                     clrtext      00000
__Lcode                                        code         00000
__Lcommon                                      common       00000
__Lconfig                                      config       00000
__LcstackBANK0                                 cstackBANK0  00000
__LcstackBANK1                                 cstackBANK1  00000
__LcstackCOMMON                                cstackCOMMON 00000
__LdataBANK0                                   dataBANK0    00000
__Leeprom_data                                 eeprom_data  00000
__Lend_init                                    end_init     00038
__Lfunctab                                     functab      00000
__Lheap                                        heap         00000
__LidataBANK0                                  idataBANK0   00000
__Lidloc                                       idloc        00000
__Linit                                        init         00038
__Lintentry                                    intentry     00004
__Lmaintext                                    maintext     00000
__Lpowerup                                     powerup      00000
__Lram                                         ram          00000
__Lreset_vec                                   reset_vec    00000
__Lsfr0                                        sfr0         00000
__Lsfr1                                        sfr1         00000
__Lsfr10                                       sfr10        00000
__Lsfr11                                       sfr11        00000
__Lsfr12                                       sfr12        00000
__Lsfr13                                       sfr13        00000
__Lsfr14                                       sfr14        00000
__Lsfr15                                       sfr15        00000
__Lsfr16                                       sfr16        00000
__Lsfr17                                       sfr17        00000
__Lsfr18                                       sfr18        00000
__Lsfr19                                       sfr19        00000
__Lsfr2                                        sfr2         00000
__Lsfr20                                       sfr20        00000
__Lsfr21                                       sfr21        00000
__Lsfr22                                       sfr22        00000
__Lsfr23                                       sfr23        00000
__Lsfr24                                       sfr24        00000
__Lsfr25                                       sfr25        00000
__Lsfr26                                       sfr26        00000
__Lsfr27                                       sfr27        00000
__Lsfr28                                       sfr28        00000
__Lsfr29                                       sfr29        00000
__Lsfr3                                        sfr3         00000
__Lsfr30                                       sfr30        00000
__Lsfr31                                       sfr31        00000
__Lsfr4                                        sfr4         00000
__Lsfr5                                        sfr5         00000
__Lsfr6                                        sfr6         00000
__Lsfr7                                        sfr7         00000
__Lsfr8                                        sfr8         00000
__Lsfr9                                        sfr9         00000
__Lsivt                                        sivt         00038
__Lspace_0                                     (abs)        00000
__Lspace_1                                     (abs)        00000
__Lspace_2                                     (abs)        00000
__Lspace_3                                     (abs)        00000
__Lspace_4                                     (abs)        00000
__Lstack                                       stack        00000
__Lstrings                                     strings      00000
__Lstringtext1                                 stringtext1  00000
__Ltext                                        text         00000
__S0                                           (abs)        006B9
__S1                                           (abs)        000AA
__S3                                           (abs)        00000
___heap_hi                                     (abs)        00000
___heap_lo                                     (abs)        00000
___int_sp                                      stack        00000
___int_stack_hi                                stack        00000
___int_stack_lo                                stack        00000
___latbits                                     (abs)        00002
___sp                                          stack        00000
___stack_hi                                    stack        00000
___stack_lo                                    stack        00000
___stackhi                                     (abs)        00000
___stacklo                                     (abs)        00000
__end_of_DRL_OFF                               text27       0065F
__end_of_DRL_ON                                text26       00651
__end_of_EPWM1_Initialize                      text17       00604
__end_of_EPWM1_LoadDutyValue                   text28       0058F
__end_of_EUSART_DefaultErrorHandler            text54       006AD
__end_of_EUSART_DefaultFramingErrorHandler     text53       006B9
__end_of_EUSART_DefaultOverrunErrorHandler     text52       006A9
__end_of_EUSART_Initialize                     text11       003B6
__end_of_EUSART_Read                           text44       00470
__end_of_EUSART_Receive_ISR                    text51       003EF
__end_of_EUSART_RxDataHandler                  text55       00578
__end_of_EUSART_SetErrorHandler                text16       00689
__end_of_EUSART_SetFramingErrorHandler         text15       00683
__end_of_EUSART_SetOverrunErrorHandler         text14       0067D
__end_of_EUSART_SetRxInterruptHandler          text13       00677
__end_of_EUSART_SetTxInterruptHandler          text12       00671
__end_of_EUSART_Transmit_ISR                   text50       004DC
__end_of_EUSART_Write                          text36       0044A
__end_of_EUSART_get_last_status                text43       006B6
__end_of_EUSART_is_rx_ready                    text45       00631
__end_of_HIBEAM_OFF                            text25       006B3
__end_of_HIBEAM_ON                             text24       006B0
__end_of_INTERRUPT_InterruptManager            intentry     00038
__end_of_LIN_Slave_Initialize                  text7        005F7
__end_of_LIN_breakCheck                        text42       005CC
__end_of_LIN_calcParity                        text41       002A3
__end_of_LIN_checkPID                          text39       00547
__end_of_LIN_disableRx                         text38       0069D
__end_of_LIN_enableRx                          text37       00698
__end_of_LIN_getChecksum                       text35       00422
__end_of_LIN_getFromTable                      text40       00378
__end_of_LIN_getPacket                         text22       004F8
__end_of_LIN_handler                           text18       00172
__end_of_LIN_init                              text8        005A5
__end_of_LIN_queuePacket                       text32       0030E
__end_of_LIN_sendPacket                        text34       004BA
__end_of_LIN_setTimerHandler                   text9        00641
__end_of_LIN_startTimer                        text30       00611
__end_of_LIN_stopTimer                         text29       0068E
__end_of_LIN_timerHandler                      text48       005EA
__end_of_OSCILLATOR_Initialize                 text6        0061D
__end_of_PIN_MANAGER_Initialize                text5        00513
__end_of_POS_OFF                               text21       00658
__end_of_POS_ON                                text20       00649
__end_of_SYSTEM_Initialize                     text1        00560
__end_of_TMR0_DefaultInterruptHandler          text49       006B8
__end_of_TMR0_ISR                              text47       005DC
__end_of_TMR0_Initialize                       text4        005B9
__end_of_TMR0_SetInterruptHandler              text10       0066B
__end_of_TMR0_WriteTimer                       text31       00693
__end_of_TMR2_Initialize                       text3        00639
__end_of_WDT_Initialize                        text2        006A5
__end_of__initialization                       cinit        00050
__end_of_main                                  maintext     00628
__end_of_memcpy                                text33       00495
__end_of_memset                                text23       0052D
__end_of_processLIN                            text19       0021D
__end_of_scheduleTable                         stringtext1  006A1
__initialization                               cinit        0003A
__pbssBANK0                                    bssBANK0     00020
__pbssBANK1                                    bssBANK1     000A0
__pbssCOMMON                                   bssCOMMON    0007B
__pcstackBANK0                                 cstackBANK0  00063
__pcstackBANK1                                 cstackBANK1  000A8
__pcstackCOMMON                                cstackCOMMON 00070
__pdataBANK0                                   dataBANK0    0006E
__pidataBANK0                                  idataBANK0   006B6
__pintentry                                    intentry     00004
__pmaintext                                    maintext     0061D
__pstringtext1                                 stringtext1  0069D
__ptext1                                       text1        00547
__ptext10                                      text10       00665
__ptext11                                      text11       00378
__ptext12                                      text12       0066B
__ptext13                                      text13       00671
__ptext14                                      text14       00677
__ptext15                                      text15       0067D
__ptext16                                      text16       00683
__ptext17                                      text17       005F7
__ptext18                                      text18       00054
__ptext19                                      text19       00172
__ptext2                                       text2        006A1
__ptext20                                      text20       00641
__ptext21                                      text21       00651
__ptext22                                      text22       004DC
__ptext23                                      text23       00513
__ptext24                                      text24       006AD
__ptext25                                      text25       006B0
__ptext26                                      text26       00649
__ptext27                                      text27       00658
__ptext28                                      text28       00578
__ptext29                                      text29       00689
__ptext3                                       text3        00631
__ptext30                                      text30       00604
__ptext31                                      text31       0068E
__ptext32                                      text32       002A3
__ptext33                                      text33       00470
__ptext34                                      text34       00495
__ptext35                                      text35       003EF
__ptext36                                      text36       00422
__ptext37                                      text37       00693
__ptext38                                      text38       00698
__ptext39                                      text39       0052D
__ptext4                                       text4        005A5
__ptext40                                      text40       0030E
__ptext41                                      text41       0021D
__ptext42                                      text42       005B9
__ptext43                                      text43       006B3
__ptext44                                      text44       0044A
__ptext45                                      text45       00628
__ptext47                                      text47       005CC
__ptext48                                      text48       005DC
__ptext49                                      text49       006B7
__ptext5                                       text5        004F8
__ptext50                                      text50       004BA
__ptext51                                      text51       003B6
__ptext52                                      text52       006A5
__ptext53                                      text53       006B8
__ptext54                                      text54       006A9
__ptext55                                      text55       00560
__ptext6                                       text6        00611
__ptext7                                       text7        005EA
__ptext8                                       text8        0058F
__ptext9                                       text9        00639
_eusartRxBuffer                                bssBANK0     00028
_eusartRxCount                                 bssBANK0     0004A
_eusartRxHead                                  bssCOMMON    0007C
_eusartRxLastError                             bssBANK0     00049
_eusartRxStatusBuffer                          bssBANK0     00020
_eusartRxTail                                  bssCOMMON    0007B
_eusartTxBuffer                                bssBANK0     00030
_eusartTxBufferRemaining                       bssBANK0     0004B
_eusartTxHead                                  bssBANK0     0004D
_eusartTxTail                                  bssBANK0     0004C
_lampFlags                                     bssBANK0     00054
_lampState                                     bssBANK0     00055
_main                                          maintext     0061D
_memcpy                                        text33       00470
_memset                                        text23       00513
_processLIN                                    text19       00172
_scheduleTable                                 stringtext1  0069D
_timer0ReloadVal                               bssBANK0     00048
btemp                                          (abs)        0007E
clear_ram0                                     clrtext      0065F
end_of_initialization                          cinit        00050
int$flags                                      (abs)        0007E
intlevel0                                      functab      00000
intlevel1                                      functab      00000
intlevel2                                      functab      00000
intlevel3                                      functab      00000
intlevel4                                      functab      00000
intlevel5                                      functab      00000
memcpy@d                                       cstackCOMMON 00076
memcpy@d1                                      cstackCOMMON 00078
memcpy@n                                       cstackCOMMON 00072
memcpy@s                                       cstackCOMMON 00077
memcpy@s1                                      cstackCOMMON 00071
memcpy@tmp                                     cstackCOMMON 00075
memset@c                                       cstackCOMMON 00071
memset@dest                                    cstackCOMMON 00077
memset@n                                       cstackCOMMON 00073
memset@p                                       cstackCOMMON 00076
processLIN@cmd                                 cstackBANK0  00063
processLIN@tempRxData                          cstackBANK0  00064
reset_vec                                      reset_vec    00000
start                                          init         00038
start_initialization                           cinit        0003A
wtemp0                                         (abs)        0007E


MODULE INFORMATION

Module		Function		Class		Link	Load	Size
D:\yiming\00work\FR752.X\mcc_generated_files\epwm1.c
		_EPWM1_LoadDutyValue		CODE           	0578	0000	23
		_EPWM1_Initialize		CODE           	05F7	0000	13

D:\yiming\00work\FR752.X\mcc_generated_files\epwm1.c estimated size: 36

c:\PROGRA~1\MICROC~1\xc8\v2.46\pic\sources\c99\common\memcpy.c
		_memcpy        		CODE           	0470	0000	37

c:\PROGRA~1\MICROC~1\xc8\v2.46\pic\sources\c99\common\memcpy.c estimated size: 37

shared
		_scheduleTable 		STRCODE        	069D	0000	4
		__initialization		CODE           	003A	0000	22

shared estimated size: 26

D:\yiming\00work\FR752.X\mcc_generated_files\tmr2.c
		_TMR2_Initialize		CODE           	0631	0000	8

D:\yiming\00work\FR752.X\mcc_generated_files\tmr2.c estimated size: 8

D:\yiming\00work\FR752.X\mcc_generated_files\tmr0.c
		_TMR0_SetInterruptHandler		CODE           	0665	0000	6
		_TMR0_DefaultInterruptHandler		CODE           	06B7	0000	1
		_TMR0_WriteTimer		CODE           	068E	0000	5
		_TMR0_ISR      		CODE           	05CC	0000	16
		_TMR0_Initialize		CODE           	05A5	0000	20

D:\yiming\00work\FR752.X\mcc_generated_files\tmr0.c estimated size: 48

D:\yiming\00work\FR752.X\mcc_generated_files\pin_manager.c
		_PIN_MANAGER_Initialize		CODE           	04F8	0000	27

D:\yiming\00work\FR752.X\mcc_generated_files\pin_manager.c estimated size: 27

D:\yiming\00work\FR752.X\mcc_generated_files\interrupt_manager.c
		_INTERRUPT_InterruptManager		CODE           	0004	0000	52

D:\yiming\00work\FR752.X\mcc_generated_files\interrupt_manager.c estimated size: 52

D:\yiming\00work\FR752.X\mcc_generated_files\eusart.c
		_EUSART_SetRxInterruptHandler		CODE           	0671	0000	6
		_EUSART_SetTxInterruptHandler		CODE           	066B	0000	6
		_EUSART_Read   		CODE           	044A	0000	38
		_EUSART_DefaultOverrunErrorHandler		CODE           	06A5	0000	4
		_EUSART_Write  		CODE           	0422	0000	40
		_EUSART_DefaultErrorHandler		CODE           	06A9	0000	4
		_EUSART_Transmit_ISR		CODE           	04BA	0000	34
		_EUSART_Initialize		CODE           	0378	0000	62
		_EUSART_SetFramingErrorHandler		CODE           	067D	0000	6
		_EUSART_SetErrorHandler		CODE           	0683	0000	6
		_EUSART_SetOverrunErrorHandler		CODE           	0677	0000	6
		_EUSART_Receive_ISR		CODE           	03B6	0000	57
		_EUSART_RxDataHandler		CODE           	0560	0000	24
		_EUSART_DefaultFramingErrorHandler		CODE           	06B8	0000	1
		_EUSART_get_last_status		CODE           	06B3	0000	3
		_EUSART_is_rx_ready		CODE           	0628	0000	9

D:\yiming\00work\FR752.X\mcc_generated_files\eusart.c estimated size: 306

c:\PROGRA~1\MICROC~1\xc8\v2.46\pic\sources\c99\common\memset.c
		_memset        		CODE           	0513	0000	26

c:\PROGRA~1\MICROC~1\xc8\v2.46\pic\sources\c99\common\memset.c estimated size: 26

D:\yiming\00work\FR752.X\mcc_generated_files\mcc.c
		_WDT_Initialize		CODE           	06A1	0000	4
		_OSCILLATOR_Initialize		CODE           	0611	0000	12
		_SYSTEM_Initialize		CODE           	0547	0000	25

D:\yiming\00work\FR752.X\mcc_generated_files\mcc.c estimated size: 41

D:\yiming\00work\FR752.X\mcc_generated_files\LINDrivers\lin_slave.c
		_LIN_init      		CODE           	058F	0000	22
		_LIN_stopTimer 		CODE           	0689	0000	5
		_LIN_timerHandler		CODE           	05DC	0000	14
		_LIN_checkPID  		CODE           	052D	0000	26
		_LIN_getFromTable		CODE           	030E	0000	106
		_LIN_getPacket 		CODE           	04DC	0000	28
		_LIN_sendPacket		CODE           	0495	0000	37
		_LIN_disableRx 		CODE           	0698	0000	5
		_LIN_setTimerHandler		CODE           	0639	0000	8
		_LIN_startTimer		CODE           	0604	0000	13
		_LIN_queuePacket		CODE           	02A3	0000	107
		_LIN_breakCheck		CODE           	05B9	0000	19
		_LIN_getChecksum		CODE           	03EF	0000	51
		_LIN_handler   		CODE           	0054	0000	286
		_LIN_calcParity		CODE           	021D	0000	134
		_LIN_enableRx  		CODE           	0693	0000	5

D:\yiming\00work\FR752.X\mcc_generated_files\LINDrivers\lin_slave.c estimated size: 866

D:\yiming\00work\FR752.X\main.c
		_main          		CODE           	061D	0000	11

D:\yiming\00work\FR752.X\main.c estimated size: 11

D:\yiming\00work\FR752.X\mcc_generated_files\LINDrivers\lin_app.c
		_processLIN    		CODE           	0172	0000	171
		_POS_OFF       		CODE           	0651	0000	7
		_HIBEAM_ON     		CODE           	06AD	0000	3
		_HIBEAM_OFF    		CODE           	06B0	0000	3
		_DRL_ON        		CODE           	0649	0000	8
		_LIN_Slave_Initialize		CODE           	05EA	0000	13
		_POS_ON        		CODE           	0641	0000	8
		_DRL_OFF       		CODE           	0658	0000	7

D:\yiming\00work\FR752.X\mcc_generated_files\LINDrivers\lin_app.c estimated size: 220

